{
  "version": "1.5.0",
  "plugins_used": [
    {
      "name": "ArtifactoryDetector"
    },
    {
      "name": "AWSKeyDetector"
    },
    {
      "name": "AzureStorageKeyDetector"
    },
    {
      "name": "Base64HighEntropyString",
      "limit": 4.5
    },
    {
      "name": "BasicAuthDetector"
    },
    {
      "name": "CloudantDetector"
    },
    {
      "name": "DiscordBotTokenDetector"
    },
    {
      "name": "GitHubTokenDetector"
    },
    {
      "name": "GitLabTokenDetector"
    },
    {
      "name": "HexHighEntropyString",
      "limit": 3.0
    },
    {
      "name": "IbmCloudIamDetector"
    },
    {
      "name": "IbmCosHmacDetector"
    },
    {
      "name": "IPPublicDetector"
    },
    {
      "name": "JwtTokenDetector"
    },
    {
      "name": "KeywordDetector",
      "keyword_exclude": ""
    },
    {
      "name": "MailchimpDetector"
    },
    {
      "name": "NpmDetector"
    },
    {
      "name": "OpenAIDetector"
    },
    {
      "name": "PrivateKeyDetector"
    },
    {
      "name": "PypiTokenDetector"
    },
    {
      "name": "SendGridDetector"
    },
    {
      "name": "SlackDetector"
    },
    {
      "name": "SoftlayerDetector"
    },
    {
      "name": "SquareOAuthDetector"
    },
    {
      "name": "StripeDetector"
    },
    {
      "name": "TelegramBotTokenDetector"
    },
    {
      "name": "TwilioKeyDetector"
    }
  ],
  "filters_used": [
    {
      "path": "detect_secrets.filters.allowlist.is_line_allowlisted"
    },
    {
      "path": "detect_secrets.filters.common.is_ignored_due_to_verification_policies",
      "min_level": 2
    },
    {
      "path": "detect_secrets.filters.heuristic.is_indirect_reference"
    },
    {
      "path": "detect_secrets.filters.heuristic.is_likely_id_string"
    },
    {
      "path": "detect_secrets.filters.heuristic.is_lock_file"
    },
    {
      "path": "detect_secrets.filters.heuristic.is_not_alphanumeric_string"
    },
    {
      "path": "detect_secrets.filters.heuristic.is_potential_uuid"
    },
    {
      "path": "detect_secrets.filters.heuristic.is_prefixed_with_dollar_sign"
    },
    {
      "path": "detect_secrets.filters.heuristic.is_sequential_string"
    },
    {
      "path": "detect_secrets.filters.heuristic.is_swagger_file"
    },
    {
      "path": "detect_secrets.filters.heuristic.is_templated_secret"
    }
  ],
  "results": {
    ".env_example": [
      {
        "type": "Secret Keyword",
        "filename": ".env_example",
        "hashed_secret": "573612d6e3c987fa51e8a20ed94fefe4cd562406",
        "is_verified": false,
        "line_number": 6
      },
      {
        "type": "Secret Keyword",
        "filename": ".env_example",
        "hashed_secret": "5ac7af3e15b06562b805834d5374add3c4eec7f3",
        "is_verified": false,
        "line_number": 8
      },
      {
        "type": "Secret Keyword",
        "filename": ".env_example",
        "hashed_secret": "09645aa1b9a6b84bbf3057b8b9365824f450d061",
        "is_verified": false,
        "line_number": 11
      },
      {
        "type": "Secret Keyword",
        "filename": ".env_example",
        "hashed_secret": "76def7fab3b54fe8587d3fb30f4c5b04fb58d547",
        "is_verified": false,
        "line_number": 18
      },
      {
        "type": "Secret Keyword",
        "filename": ".env_example",
        "hashed_secret": "444bd54cafb9407862b768a22db4cc279621f52e",
        "is_verified": false,
        "line_number": 19
      },
      {
        "type": "Secret Keyword",
        "filename": ".env_example",
        "hashed_secret": "d31fbe9c1da2d63d46996da4d271a33e95aa0221",
        "is_verified": false,
        "line_number": 21
      },
      {
        "type": "Secret Keyword",
        "filename": ".env_example",
        "hashed_secret": "435936d128cb318c9cf532ee7e1fe0821f61ebde",
        "is_verified": false,
        "line_number": 24
      },
      {
        "type": "Secret Keyword",
        "filename": ".env_example",
        "hashed_secret": "0d1ba0da3e84e54f29846c93c43182eede365858",
        "is_verified": false,
        "line_number": 28
      },
      {
        "type": "Secret Keyword",
        "filename": ".env_example",
        "hashed_secret": "4ee406f9f81319c810a3d0b48034e9b2e4c2bdad",
        "is_verified": false,
        "line_number": 41
      },
      {
        "type": "Secret Keyword",
        "filename": ".env_example",
        "hashed_secret": "a4e8b072b6ed7fe8c1edaa24b9bffcec050d33dd",
        "is_verified": false,
        "line_number": 46
      },
      {
        "type": "Secret Keyword",
        "filename": ".env_example",
        "hashed_secret": "7793b88a058d307e5cf0617fdba748e8fd47deb9",
        "is_verified": false,
        "line_number": 49
      }
    ],
    "src/.env_example": [
      {
        "type": "Secret Keyword",
        "filename": "src/.env_example",
        "hashed_secret": "1a2fc3034e4c155463286194048df25e99a94929",
        "is_verified": false,
        "line_number": 3
      }
    ],
    "src/agents/rbi_batch_backtester.py": [
      {
        "type": "Base64 High Entropy String",
        "filename": "src/agents/rbi_batch_backtester.py",
        "hashed_secret": "59d535b9709e12904192c2d7acc45e4bbd45e1d2",
        "is_verified": false,
        "line_number": 29
      }
    ],
    "src/agents/tradingagents.md": [
      {
        "type": "Base64 High Entropy String",
        "filename": "src/agents/tradingagents.md",
        "hashed_secret": "71da038620b7e76c9fdc440989b0562e456e838a",
        "is_verified": false,
        "line_number": 1037
      },
      {
        "type": "Base64 High Entropy String",
        "filename": "src/agents/tradingagents.md",
        "hashed_secret": "3f8dfee2e6d0b56f83b1685dbf6426de882c3461",
        "is_verified": false,
        "line_number": 1038
      }
    ],
    "src/config.py": [
      {
        "type": "Base64 High Entropy String",
        "filename": "src/config.py",
        "hashed_secret": "9ab63c245e4f4eab13f776549a1c06e66914b275",
        "is_verified": false,
        "line_number": 7
      },
      {
        "type": "Base64 High Entropy String",
        "filename": "src/config.py",
        "hashed_secret": "71da038620b7e76c9fdc440989b0562e456e838a",
        "is_verified": false,
        "line_number": 15
      },
      {
        "type": "Base64 High Entropy String",
        "filename": "src/config.py",
        "hashed_secret": "3f8dfee2e6d0b56f83b1685dbf6426de882c3461",
        "is_verified": false,
        "line_number": 17
      },
      {
        "type": "Base64 High Entropy String",
        "filename": "src/config.py",
        "hashed_secret": "bf32a3d4ec40cc545496dfba231ace24090ce31a",
        "is_verified": false,
        "line_number": 18
      },
      {
        "type": "Base64 High Entropy String",
        "filename": "src/config.py",
        "hashed_secret": "d5a6ab6a2a016ff1fa22a3098a86ac9aceea932a",
        "is_verified": false,
        "line_number": 19
      },
      {
        "type": "Base64 High Entropy String",
        "filename": "src/config.py",
        "hashed_secret": "06ca9bf64b4a933140d3a5e49a65d4c98366222b",
        "is_verified": false,
        "line_number": 20
      },
      {
        "type": "Base64 High Entropy String",
        "filename": "src/config.py",
        "hashed_secret": "7ee4bccb8b32800fe91f5719c1de5e252235ab0f",
        "is_verified": false,
        "line_number": 21
      },
      {
        "type": "Base64 High Entropy String",
        "filename": "src/config.py",
        "hashed_secret": "24f96059dd73305855b903f386d6cef1e5909a82",
        "is_verified": false,
        "line_number": 22
      },
      {
        "type": "Base64 High Entropy String",
        "filename": "src/config.py",
        "hashed_secret": "d2f031d733876f4b115b64446a8f54435b950f27",
        "is_verified": false,
        "line_number": 23
      },
      {
        "type": "Base64 High Entropy String",
        "filename": "src/config.py",
        "hashed_secret": "e1b99cb667aedfbf19f50713f3271f1007cf4fb7",
        "is_verified": false,
        "line_number": 32
      }
    ],
    "src/data/rbi/.claude/agents/sparc/refinement.md": [
      {
        "type": "Secret Keyword",
        "filename": "src/data/rbi/.claude/agents/sparc/refinement.md",
        "hashed_secret": "72559b51f94a7a3ad058c5740cbe2f7cb0d4080b",
        "is_verified": false,
        "line_number": 62
      },
      {
        "type": "Secret Keyword",
        "filename": "src/data/rbi/.claude/agents/sparc/refinement.md",
        "hashed_secret": "9da133c45f71d2bb9d5eb7cfa6fce7cdb6a215b5",
        "is_verified": false,
        "line_number": 90
      },
      {
        "type": "Secret Keyword",
        "filename": "src/data/rbi/.claude/agents/sparc/refinement.md",
        "hashed_secret": "5baa61e4c9b93f3f0682250b6cf8331b7ee68fd8",
        "is_verified": false,
        "line_number": 266
      }
    ],
    "src/data/rbi/.claude/agents/testing/unit/tdd-london-swarm.md": [
      {
        "type": "Secret Keyword",
        "filename": "src/data/rbi/.claude/agents/testing/unit/tdd-london-swarm.md",
        "hashed_secret": "ecb252044b5ea0f679ee78ec1a12904739e2904d",
        "is_verified": false,
        "line_number": 115
      }
    ],
    "src/data/rbi/.claude/agents/testing/validation/production-validator.md": [
      {
        "type": "Secret Keyword",
        "filename": "src/data/rbi/.claude/agents/testing/validation/production-validator.md",
        "hashed_secret": "c5b62ea9ada21743c6f353e4a45bc8648b377006",
        "is_verified": false,
        "line_number": 144
      }
    ],
    "src/data/rbi/FINAL_WINNING_STRATEGIES/test_final_strategies.py": [
      {
        "type": "Base64 High Entropy String",
        "filename": "src/data/rbi/FINAL_WINNING_STRATEGIES/test_final_strategies.py",
        "hashed_secret": "66a68f3e0a1c2cf47ae917868dbb36f9d7da628b",
        "is_verified": false,
        "line_number": 213
      }
    ],
    "src/data/rbi/backtests/charts/ATRMeanReversion_chart.html": [
      {
        "type": "Base64 High Entropy String",
        "filename": "src/data/rbi/backtests/charts/ATRMeanReversion_chart.html",
        "hashed_secret": "07c68fa1683dcfa75139bbdaba5113cefa8aeba3",
        "is_verified": false,
        "line_number": 24
      },
      {
        "type": "Base64 High Entropy String",
        "filename": "src/data/rbi/backtests/charts/ATRMeanReversion_chart.html",
        "hashed_secret": "0f94479e072188dde63f5e340239be5900da8a9f",
        "is_verified": false,
        "line_number": 24
      },
      {
        "type": "Base64 High Entropy String",
        "filename": "src/data/rbi/backtests/charts/ATRMeanReversion_chart.html",
        "hashed_secret": "2590965e9d9ac3e0187e25d20d2f894a8e3c744f",
        "is_verified": false,
        "line_number": 24
      },
      {
        "type": "Base64 High Entropy String",
        "filename": "src/data/rbi/backtests/charts/ATRMeanReversion_chart.html",
        "hashed_secret": "398a231f4c95c4701e4df081687c2d6f5466f4c8",
        "is_verified": false,
        "line_number": 24
      },
      {
        "type": "Base64 High Entropy String",
        "filename": "src/data/rbi/backtests/charts/ATRMeanReversion_chart.html",
        "hashed_secret": "54f7825e2cab9bb4a3827eb87cdf238271f44316",
        "is_verified": false,
        "line_number": 24
      },
      {
        "type": "Base64 High Entropy String",
        "filename": "src/data/rbi/backtests/charts/ATRMeanReversion_chart.html",
        "hashed_secret": "70a9d77cbeb38b5313273c79241af14ca8238786",
        "is_verified": false,
        "line_number": 24
      },
      {
        "type": "Base64 High Entropy String",
        "filename": "src/data/rbi/backtests/charts/ATRMeanReversion_chart.html",
        "hashed_secret": "8da28f6e695644a42b634032cb44d106a5f08242",
        "is_verified": false,
        "line_number": 24
      },
      {
        "type": "Base64 High Entropy String",
        "filename": "src/data/rbi/backtests/charts/ATRMeanReversion_chart.html",
        "hashed_secret": "94133b5c30dbbd80aa566b56399e9aa323dcee24",
        "is_verified": false,
        "line_number": 24
      },
      {
        "type": "Base64 High Entropy String",
        "filename": "src/data/rbi/backtests/charts/ATRMeanReversion_chart.html",
        "hashed_secret": "96fc9076f8ee59cee0a907f3cc00f13e29ca39a9",
        "is_verified": false,
        "line_number": 24
      },
      {
        "type": "Base64 High Entropy String",
        "filename": "src/data/rbi/backtests/charts/ATRMeanReversion_chart.html",
        "hashed_secret": "a5aa176ebacb975b13890dfe0c2ba0c7c2b808f4",
        "is_verified": false,
        "line_number": 24
      },
      {
        "type": "Base64 High Entropy String",
        "filename": "src/data/rbi/backtests/charts/ATRMeanReversion_chart.html",
        "hashed_secret": "a6a6d31c2da30d2f883d36bf6b284d9dda915f64",
        "is_verified": false,
        "line_number": 24
      },
      {
        "type": "Base64 High Entropy String",
        "filename": "src/data/rbi/backtests/charts/ATRMeanReversion_chart.html",
        "hashed_secret": "a779dc87d48a8bcb4fc54b397761fc830aaeeec0",
        "is_verified": false,
        "line_number": 24
      },
      {
        "type": "Base64 High Entropy String",
        "filename": "src/data/rbi/backtests/charts/ATRMeanReversion_chart.html",
        "hashed_secret": "b406ec2224c90398343c0f9aa92522cdfb8cf7fb",
        "is_verified": false,
        "line_number": 24
      },
      {
        "type": "Base64 High Entropy String",
        "filename": "src/data/rbi/backtests/charts/ATRMeanReversion_chart.html",
        "hashed_secret": "b77beb256badb645293a0231500739a605d09146",
        "is_verified": false,
        "line_number": 24
      },
      {
        "type": "Base64 High Entropy String",
        "filename": "src/data/rbi/backtests/charts/ATRMeanReversion_chart.html",
        "hashed_secret": "d801ca89e971003aec93444f566d1b16556ae485",
        "is_verified": false,
        "line_number": 24
      },
      {
        "type": "Base64 High Entropy String",
        "filename": "src/data/rbi/backtests/charts/ATRMeanReversion_chart.html",
        "hashed_secret": "f4e7631f3b95b2beff2419e1346535694938f0dc",
        "is_verified": false,
        "line_number": 24
      }
    ],
    "src/data/rbi/backtests/charts/ATRMeanReversion_chart_20250204_094732.html": [
      {
        "type": "Base64 High Entropy String",
        "filename": "src/data/rbi/backtests/charts/ATRMeanReversion_chart_20250204_094732.html",
        "hashed_secret": "0472ca60be85eb4f1fb8b1d05a0e07980178b470",
        "is_verified": false,
        "line_number": 24
      },
      {
        "type": "Base64 High Entropy String",
        "filename": "src/data/rbi/backtests/charts/ATRMeanReversion_chart_20250204_094732.html",
        "hashed_secret": "07c68fa1683dcfa75139bbdaba5113cefa8aeba3",
        "is_verified": false,
        "line_number": 24
      },
      {
        "type": "Base64 High Entropy String",
        "filename": "src/data/rbi/backtests/charts/ATRMeanReversion_chart_20250204_094732.html",
        "hashed_secret": "1ca38f18268a8216d38055b36dca802dc0179d11",
        "is_verified": false,
        "line_number": 24
      },
      {
        "type": "Base64 High Entropy String",
        "filename": "src/data/rbi/backtests/charts/ATRMeanReversion_chart_20250204_094732.html",
        "hashed_secret": "1d70864aae446eb6b0eb79f719c4a85a77ff1a6f",
        "is_verified": false,
        "line_number": 24
      },
      {
        "type": "Base64 High Entropy String",
        "filename": "src/data/rbi/backtests/charts/ATRMeanReversion_chart_20250204_094732.html",
        "hashed_secret": "21825d56ad407fd7560d75c7396966bafba4ea16",
        "is_verified": false,
        "line_number": 24
      },
      {
        "type": "Base64 High Entropy String",
        "filename": "src/data/rbi/backtests/charts/ATRMeanReversion_chart_20250204_094732.html",
        "hashed_secret": "2590965e9d9ac3e0187e25d20d2f894a8e3c744f",
        "is_verified": false,
        "line_number": 24
      },
      {
        "type": "Base64 High Entropy String",
        "filename": "src/data/rbi/backtests/charts/ATRMeanReversion_chart_20250204_094732.html",
        "hashed_secret": "3604a3dfb3da5820f3db6e42e95d51a9cc4de906",
        "is_verified": false,
        "line_number": 24
      },
      {
        "type": "Base64 High Entropy String",
        "filename": "src/data/rbi/backtests/charts/ATRMeanReversion_chart_20250204_094732.html",
        "hashed_secret": "398a231f4c95c4701e4df081687c2d6f5466f4c8",
        "is_verified": false,
        "line_number": 24
      },
      {
        "type": "Base64 High Entropy String",
        "filename": "src/data/rbi/backtests/charts/ATRMeanReversion_chart_20250204_094732.html",
        "hashed_secret": "412403c09f67b0461232ce1c7205df06a7d04abf",
        "is_verified": false,
        "line_number": 24
      },
      {
        "type": "Base64 High Entropy String",
        "filename": "src/data/rbi/backtests/charts/ATRMeanReversion_chart_20250204_094732.html",
        "hashed_secret": "7496c9e06fb238c000bb896057e13f5144c103ec",
        "is_verified": false,
        "line_number": 24
      },
      {
        "type": "Base64 High Entropy String",
        "filename": "src/data/rbi/backtests/charts/ATRMeanReversion_chart_20250204_094732.html",
        "hashed_secret": "8c88ce4229f3c97bf8c3374e0df1505845426920",
        "is_verified": false,
        "line_number": 24
      },
      {
        "type": "Base64 High Entropy String",
        "filename": "src/data/rbi/backtests/charts/ATRMeanReversion_chart_20250204_094732.html",
        "hashed_secret": "8da28f6e695644a42b634032cb44d106a5f08242",
        "is_verified": false,
        "line_number": 24
      },
      {
        "type": "Base64 High Entropy String",
        "filename": "src/data/rbi/backtests/charts/ATRMeanReversion_chart_20250204_094732.html",
        "hashed_secret": "94133b5c30dbbd80aa566b56399e9aa323dcee24",
        "is_verified": false,
        "line_number": 24
      },
      {
        "type": "Base64 High Entropy String",
        "filename": "src/data/rbi/backtests/charts/ATRMeanReversion_chart_20250204_094732.html",
        "hashed_secret": "a5aa176ebacb975b13890dfe0c2ba0c7c2b808f4",
        "is_verified": false,
        "line_number": 24
      },
      {
        "type": "Base64 High Entropy String",
        "filename": "src/data/rbi/backtests/charts/ATRMeanReversion_chart_20250204_094732.html",
        "hashed_secret": "a6a6d31c2da30d2f883d36bf6b284d9dda915f64",
        "is_verified": false,
        "line_number": 24
      },
      {
        "type": "Base64 High Entropy String",
        "filename": "src/data/rbi/backtests/charts/ATRMeanReversion_chart_20250204_094732.html",
        "hashed_secret": "a779dc87d48a8bcb4fc54b397761fc830aaeeec0",
        "is_verified": false,
        "line_number": 24
      },
      {
        "type": "AWS Access Key",
        "filename": "src/data/rbi/backtests/charts/ATRMeanReversion_chart_20250204_094732.html",
        "hashed_secret": "b2c6c08ec9b995b256bf25e35fb8ab2faffa5089",
        "is_verified": false,
        "line_number": 24
      },
      {
        "type": "Base64 High Entropy String",
        "filename": "src/data/rbi/backtests/charts/ATRMeanReversion_chart_20250204_094732.html",
        "hashed_secret": "b406ec2224c90398343c0f9aa92522cdfb8cf7fb",
        "is_verified": false,
        "line_number": 24
      },
      {
        "type": "Base64 High Entropy String",
        "filename": "src/data/rbi/backtests/charts/ATRMeanReversion_chart_20250204_094732.html",
        "hashed_secret": "b77beb256badb645293a0231500739a605d09146",
        "is_verified": false,
        "line_number": 24
      },
      {
        "type": "Base64 High Entropy String",
        "filename": "src/data/rbi/backtests/charts/ATRMeanReversion_chart_20250204_094732.html",
        "hashed_secret": "c2c8ba0e6d3b067424442eaac994c2969b61e302",
        "is_verified": false,
        "line_number": 24
      },
      {
        "type": "Base64 High Entropy String",
        "filename": "src/data/rbi/backtests/charts/ATRMeanReversion_chart_20250204_094732.html",
        "hashed_secret": "ec7cb70b971ef98ba359ef99aa01e668161cbe27",
        "is_verified": false,
        "line_number": 24
      },
      {
        "type": "Base64 High Entropy String",
        "filename": "src/data/rbi/backtests/charts/ATRMeanReversion_chart_20250204_094732.html",
        "hashed_secret": "f4e7631f3b95b2beff2419e1346535694938f0dc",
        "is_verified": false,
        "line_number": 24
      },
      {
        "type": "Base64 High Entropy String",
        "filename": "src/data/rbi/backtests/charts/ATRMeanReversion_chart_20250204_094732.html",
        "hashed_secret": "f5a1a7b0041bf2c60516ed73819c3b4d4dac9172",
        "is_verified": false,
        "line_number": 24
      }
    ],
    "src/data/rbi/backtests/charts/BollingerBands_chart_20250204_095710.html": [
      {
        "type": "Base64 High Entropy String",
        "filename": "src/data/rbi/backtests/charts/BollingerBands_chart_20250204_095710.html",
        "hashed_secret": "07c68fa1683dcfa75139bbdaba5113cefa8aeba3",
        "is_verified": false,
        "line_number": 24
      },
      {
        "type": "Base64 High Entropy String",
        "filename": "src/data/rbi/backtests/charts/BollingerBands_chart_20250204_095710.html",
        "hashed_secret": "20b6fef241e1f42a3d717ac4e44c564fe2f9f7fa",
        "is_verified": false,
        "line_number": 24
      },
      {
        "type": "Base64 High Entropy String",
        "filename": "src/data/rbi/backtests/charts/BollingerBands_chart_20250204_095710.html",
        "hashed_secret": "2590965e9d9ac3e0187e25d20d2f894a8e3c744f",
        "is_verified": false,
        "line_number": 24
      },
      {
        "type": "Base64 High Entropy String",
        "filename": "src/data/rbi/backtests/charts/BollingerBands_chart_20250204_095710.html",
        "hashed_secret": "3336c0678c71de3d9669de7f685c074dca040372",
        "is_verified": false,
        "line_number": 24
      },
      {
        "type": "Base64 High Entropy String",
        "filename": "src/data/rbi/backtests/charts/BollingerBands_chart_20250204_095710.html",
        "hashed_secret": "398a231f4c95c4701e4df081687c2d6f5466f4c8",
        "is_verified": false,
        "line_number": 24
      },
      {
        "type": "Base64 High Entropy String",
        "filename": "src/data/rbi/backtests/charts/BollingerBands_chart_20250204_095710.html",
        "hashed_secret": "539fd6d03109b7cfed8db7b4ee24dd0b9c51d862",
        "is_verified": false,
        "line_number": 24
      },
      {
        "type": "Base64 High Entropy String",
        "filename": "src/data/rbi/backtests/charts/BollingerBands_chart_20250204_095710.html",
        "hashed_secret": "70a9d77cbeb38b5313273c79241af14ca8238786",
        "is_verified": false,
        "line_number": 24
      },
      {
        "type": "Base64 High Entropy String",
        "filename": "src/data/rbi/backtests/charts/BollingerBands_chart_20250204_095710.html",
        "hashed_secret": "82e92fc1cf31ea1dd51ece66bd81fced3114bbcc",
        "is_verified": false,
        "line_number": 24
      },
      {
        "type": "Base64 High Entropy String",
        "filename": "src/data/rbi/backtests/charts/BollingerBands_chart_20250204_095710.html",
        "hashed_secret": "8da28f6e695644a42b634032cb44d106a5f08242",
        "is_verified": false,
        "line_number": 24
      },
      {
        "type": "Base64 High Entropy String",
        "filename": "src/data/rbi/backtests/charts/BollingerBands_chart_20250204_095710.html",
        "hashed_secret": "94133b5c30dbbd80aa566b56399e9aa323dcee24",
        "is_verified": false,
        "line_number": 24
      },
      {
        "type": "Base64 High Entropy String",
        "filename": "src/data/rbi/backtests/charts/BollingerBands_chart_20250204_095710.html",
        "hashed_secret": "96fc9076f8ee59cee0a907f3cc00f13e29ca39a9",
        "is_verified": false,
        "line_number": 24
      },
      {
        "type": "Base64 High Entropy String",
        "filename": "src/data/rbi/backtests/charts/BollingerBands_chart_20250204_095710.html",
        "hashed_secret": "9d232a9d6dd58d4a8ae4e334182004c7d5404d36",
        "is_verified": false,
        "line_number": 24
      },
      {
        "type": "Base64 High Entropy String",
        "filename": "src/data/rbi/backtests/charts/BollingerBands_chart_20250204_095710.html",
        "hashed_secret": "a5aa176ebacb975b13890dfe0c2ba0c7c2b808f4",
        "is_verified": false,
        "line_number": 24
      },
      {
        "type": "Base64 High Entropy String",
        "filename": "src/data/rbi/backtests/charts/BollingerBands_chart_20250204_095710.html",
        "hashed_secret": "a6a6d31c2da30d2f883d36bf6b284d9dda915f64",
        "is_verified": false,
        "line_number": 24
      },
      {
        "type": "Base64 High Entropy String",
        "filename": "src/data/rbi/backtests/charts/BollingerBands_chart_20250204_095710.html",
        "hashed_secret": "a779dc87d48a8bcb4fc54b397761fc830aaeeec0",
        "is_verified": false,
        "line_number": 24
      },
      {
        "type": "Base64 High Entropy String",
        "filename": "src/data/rbi/backtests/charts/BollingerBands_chart_20250204_095710.html",
        "hashed_secret": "b406ec2224c90398343c0f9aa92522cdfb8cf7fb",
        "is_verified": false,
        "line_number": 24
      },
      {
        "type": "Base64 High Entropy String",
        "filename": "src/data/rbi/backtests/charts/BollingerBands_chart_20250204_095710.html",
        "hashed_secret": "b77beb256badb645293a0231500739a605d09146",
        "is_verified": false,
        "line_number": 24
      },
      {
        "type": "Base64 High Entropy String",
        "filename": "src/data/rbi/backtests/charts/BollingerBands_chart_20250204_095710.html",
        "hashed_secret": "d801ca89e971003aec93444f566d1b16556ae485",
        "is_verified": false,
        "line_number": 24
      },
      {
        "type": "Base64 High Entropy String",
        "filename": "src/data/rbi/backtests/charts/BollingerBands_chart_20250204_095710.html",
        "hashed_secret": "f4e7631f3b95b2beff2419e1346535694938f0dc",
        "is_verified": false,
        "line_number": 24
      }
    ],
    "src/data/rbi/backtests/charts/BollingerBands_chart_20250204_100429.html": [
      {
        "type": "Base64 High Entropy String",
        "filename": "src/data/rbi/backtests/charts/BollingerBands_chart_20250204_100429.html",
        "hashed_secret": "07c68fa1683dcfa75139bbdaba5113cefa8aeba3",
        "is_verified": false,
        "line_number": 24
      },
      {
        "type": "Base64 High Entropy String",
        "filename": "src/data/rbi/backtests/charts/BollingerBands_chart_20250204_100429.html",
        "hashed_secret": "20b6fef241e1f42a3d717ac4e44c564fe2f9f7fa",
        "is_verified": false,
        "line_number": 24
      },
      {
        "type": "Base64 High Entropy String",
        "filename": "src/data/rbi/backtests/charts/BollingerBands_chart_20250204_100429.html",
        "hashed_secret": "2590965e9d9ac3e0187e25d20d2f894a8e3c744f",
        "is_verified": false,
        "line_number": 24
      },
      {
        "type": "Base64 High Entropy String",
        "filename": "src/data/rbi/backtests/charts/BollingerBands_chart_20250204_100429.html",
        "hashed_secret": "3336c0678c71de3d9669de7f685c074dca040372",
        "is_verified": false,
        "line_number": 24
      },
      {
        "type": "Base64 High Entropy String",
        "filename": "src/data/rbi/backtests/charts/BollingerBands_chart_20250204_100429.html",
        "hashed_secret": "398a231f4c95c4701e4df081687c2d6f5466f4c8",
        "is_verified": false,
        "line_number": 24
      },
      {
        "type": "Base64 High Entropy String",
        "filename": "src/data/rbi/backtests/charts/BollingerBands_chart_20250204_100429.html",
        "hashed_secret": "539fd6d03109b7cfed8db7b4ee24dd0b9c51d862",
        "is_verified": false,
        "line_number": 24
      },
      {
        "type": "Base64 High Entropy String",
        "filename": "src/data/rbi/backtests/charts/BollingerBands_chart_20250204_100429.html",
        "hashed_secret": "70a9d77cbeb38b5313273c79241af14ca8238786",
        "is_verified": false,
        "line_number": 24
      },
      {
        "type": "Base64 High Entropy String",
        "filename": "src/data/rbi/backtests/charts/BollingerBands_chart_20250204_100429.html",
        "hashed_secret": "82e92fc1cf31ea1dd51ece66bd81fced3114bbcc",
        "is_verified": false,
        "line_number": 24
      },
      {
        "type": "Base64 High Entropy String",
        "filename": "src/data/rbi/backtests/charts/BollingerBands_chart_20250204_100429.html",
        "hashed_secret": "8da28f6e695644a42b634032cb44d106a5f08242",
        "is_verified": false,
        "line_number": 24
      },
      {
        "type": "Base64 High Entropy String",
        "filename": "src/data/rbi/backtests/charts/BollingerBands_chart_20250204_100429.html",
        "hashed_secret": "94133b5c30dbbd80aa566b56399e9aa323dcee24",
        "is_verified": false,
        "line_number": 24
      },
      {
        "type": "Base64 High Entropy String",
        "filename": "src/data/rbi/backtests/charts/BollingerBands_chart_20250204_100429.html",
        "hashed_secret": "96fc9076f8ee59cee0a907f3cc00f13e29ca39a9",
        "is_verified": false,
        "line_number": 24
      },
      {
        "type": "Base64 High Entropy String",
        "filename": "src/data/rbi/backtests/charts/BollingerBands_chart_20250204_100429.html",
        "hashed_secret": "9d232a9d6dd58d4a8ae4e334182004c7d5404d36",
        "is_verified": false,
        "line_number": 24
      },
      {
        "type": "Base64 High Entropy String",
        "filename": "src/data/rbi/backtests/charts/BollingerBands_chart_20250204_100429.html",
        "hashed_secret": "a5aa176ebacb975b13890dfe0c2ba0c7c2b808f4",
        "is_verified": false,
        "line_number": 24
      },
      {
        "type": "Base64 High Entropy String",
        "filename": "src/data/rbi/backtests/charts/BollingerBands_chart_20250204_100429.html",
        "hashed_secret": "a6a6d31c2da30d2f883d36bf6b284d9dda915f64",
        "is_verified": false,
        "line_number": 24
      },
      {
        "type": "Base64 High Entropy String",
        "filename": "src/data/rbi/backtests/charts/BollingerBands_chart_20250204_100429.html",
        "hashed_secret": "a779dc87d48a8bcb4fc54b397761fc830aaeeec0",
        "is_verified": false,
        "line_number": 24
      },
      {
        "type": "Base64 High Entropy String",
        "filename": "src/data/rbi/backtests/charts/BollingerBands_chart_20250204_100429.html",
        "hashed_secret": "b406ec2224c90398343c0f9aa92522cdfb8cf7fb",
        "is_verified": false,
        "line_number": 24
      },
      {
        "type": "Base64 High Entropy String",
        "filename": "src/data/rbi/backtests/charts/BollingerBands_chart_20250204_100429.html",
        "hashed_secret": "b77beb256badb645293a0231500739a605d09146",
        "is_verified": false,
        "line_number": 24
      },
      {
        "type": "Base64 High Entropy String",
        "filename": "src/data/rbi/backtests/charts/BollingerBands_chart_20250204_100429.html",
        "hashed_secret": "d801ca89e971003aec93444f566d1b16556ae485",
        "is_verified": false,
        "line_number": 24
      },
      {
        "type": "Base64 High Entropy String",
        "filename": "src/data/rbi/backtests/charts/BollingerBands_chart_20250204_100429.html",
        "hashed_secret": "f4e7631f3b95b2beff2419e1346535694938f0dc",
        "is_verified": false,
        "line_number": 24
      }
    ],
    "src/data/rbi/backtests/charts/MACDCrossover_chart_20250204_095355.html": [
      {
        "type": "Base64 High Entropy String",
        "filename": "src/data/rbi/backtests/charts/MACDCrossover_chart_20250204_095355.html",
        "hashed_secret": "07c68fa1683dcfa75139bbdaba5113cefa8aeba3",
        "is_verified": false,
        "line_number": 24
      },
      {
        "type": "Base64 High Entropy String",
        "filename": "src/data/rbi/backtests/charts/MACDCrossover_chart_20250204_095355.html",
        "hashed_secret": "2590965e9d9ac3e0187e25d20d2f894a8e3c744f",
        "is_verified": false,
        "line_number": 24
      },
      {
        "type": "Base64 High Entropy String",
        "filename": "src/data/rbi/backtests/charts/MACDCrossover_chart_20250204_095355.html",
        "hashed_secret": "2b160ed2a6c7f2d6f6f45bf7ec074b39e20fb394",
        "is_verified": false,
        "line_number": 24
      },
      {
        "type": "Base64 High Entropy String",
        "filename": "src/data/rbi/backtests/charts/MACDCrossover_chart_20250204_095355.html",
        "hashed_secret": "398a231f4c95c4701e4df081687c2d6f5466f4c8",
        "is_verified": false,
        "line_number": 24
      },
      {
        "type": "Base64 High Entropy String",
        "filename": "src/data/rbi/backtests/charts/MACDCrossover_chart_20250204_095355.html",
        "hashed_secret": "65e7625b1b1080993bca279d7b298cda882b169b",
        "is_verified": false,
        "line_number": 24
      },
      {
        "type": "Base64 High Entropy String",
        "filename": "src/data/rbi/backtests/charts/MACDCrossover_chart_20250204_095355.html",
        "hashed_secret": "8d52c5903c8f866fd3688997f2c45f4556b2b929",
        "is_verified": false,
        "line_number": 24
      },
      {
        "type": "Base64 High Entropy String",
        "filename": "src/data/rbi/backtests/charts/MACDCrossover_chart_20250204_095355.html",
        "hashed_secret": "8da28f6e695644a42b634032cb44d106a5f08242",
        "is_verified": false,
        "line_number": 24
      },
      {
        "type": "Base64 High Entropy String",
        "filename": "src/data/rbi/backtests/charts/MACDCrossover_chart_20250204_095355.html",
        "hashed_secret": "8e0111d7b3bc6bb3a8a2d823c1e83faef44fcedd",
        "is_verified": false,
        "line_number": 24
      },
      {
        "type": "Base64 High Entropy String",
        "filename": "src/data/rbi/backtests/charts/MACDCrossover_chart_20250204_095355.html",
        "hashed_secret": "94133b5c30dbbd80aa566b56399e9aa323dcee24",
        "is_verified": false,
        "line_number": 24
      },
      {
        "type": "Base64 High Entropy String",
        "filename": "src/data/rbi/backtests/charts/MACDCrossover_chart_20250204_095355.html",
        "hashed_secret": "96fc9076f8ee59cee0a907f3cc00f13e29ca39a9",
        "is_verified": false,
        "line_number": 24
      },
      {
        "type": "Base64 High Entropy String",
        "filename": "src/data/rbi/backtests/charts/MACDCrossover_chart_20250204_095355.html",
        "hashed_secret": "a561432bb5a7bfc38491d851e437d7939cf27aa0",
        "is_verified": false,
        "line_number": 24
      },
      {
        "type": "Base64 High Entropy String",
        "filename": "src/data/rbi/backtests/charts/MACDCrossover_chart_20250204_095355.html",
        "hashed_secret": "a5aa176ebacb975b13890dfe0c2ba0c7c2b808f4",
        "is_verified": false,
        "line_number": 24
      },
      {
        "type": "Base64 High Entropy String",
        "filename": "src/data/rbi/backtests/charts/MACDCrossover_chart_20250204_095355.html",
        "hashed_secret": "a6a6d31c2da30d2f883d36bf6b284d9dda915f64",
        "is_verified": false,
        "line_number": 24
      },
      {
        "type": "Base64 High Entropy String",
        "filename": "src/data/rbi/backtests/charts/MACDCrossover_chart_20250204_095355.html",
        "hashed_secret": "a779dc87d48a8bcb4fc54b397761fc830aaeeec0",
        "is_verified": false,
        "line_number": 24
      },
      {
        "type": "AWS Access Key",
        "filename": "src/data/rbi/backtests/charts/MACDCrossover_chart_20250204_095355.html",
        "hashed_secret": "b2c6c08ec9b995b256bf25e35fb8ab2faffa5089",
        "is_verified": false,
        "line_number": 24
      },
      {
        "type": "Base64 High Entropy String",
        "filename": "src/data/rbi/backtests/charts/MACDCrossover_chart_20250204_095355.html",
        "hashed_secret": "b406ec2224c90398343c0f9aa92522cdfb8cf7fb",
        "is_verified": false,
        "line_number": 24
      },
      {
        "type": "Base64 High Entropy String",
        "filename": "src/data/rbi/backtests/charts/MACDCrossover_chart_20250204_095355.html",
        "hashed_secret": "b77beb256badb645293a0231500739a605d09146",
        "is_verified": false,
        "line_number": 24
      },
      {
        "type": "Base64 High Entropy String",
        "filename": "src/data/rbi/backtests/charts/MACDCrossover_chart_20250204_095355.html",
        "hashed_secret": "ce8e4ed41af81ae8317c44c976bd47ec870eb21d",
        "is_verified": false,
        "line_number": 24
      },
      {
        "type": "Base64 High Entropy String",
        "filename": "src/data/rbi/backtests/charts/MACDCrossover_chart_20250204_095355.html",
        "hashed_secret": "ddcc2d49c522db5a7770e539eab51f55b777bcd4",
        "is_verified": false,
        "line_number": 24
      },
      {
        "type": "Base64 High Entropy String",
        "filename": "src/data/rbi/backtests/charts/MACDCrossover_chart_20250204_095355.html",
        "hashed_secret": "f4e7631f3b95b2beff2419e1346535694938f0dc",
        "is_verified": false,
        "line_number": 24
      }
    ],
    "src/data/rbi/backtests/charts/RSIDivergence_chart_20250204_095059.html": [
      {
        "type": "Base64 High Entropy String",
        "filename": "src/data/rbi/backtests/charts/RSIDivergence_chart_20250204_095059.html",
        "hashed_secret": "07c68fa1683dcfa75139bbdaba5113cefa8aeba3",
        "is_verified": false,
        "line_number": 24
      },
      {
        "type": "Base64 High Entropy String",
        "filename": "src/data/rbi/backtests/charts/RSIDivergence_chart_20250204_095059.html",
        "hashed_secret": "2590965e9d9ac3e0187e25d20d2f894a8e3c744f",
        "is_verified": false,
        "line_number": 24
      },
      {
        "type": "Base64 High Entropy String",
        "filename": "src/data/rbi/backtests/charts/RSIDivergence_chart_20250204_095059.html",
        "hashed_secret": "398a231f4c95c4701e4df081687c2d6f5466f4c8",
        "is_verified": false,
        "line_number": 24
      },
      {
        "type": "Base64 High Entropy String",
        "filename": "src/data/rbi/backtests/charts/RSIDivergence_chart_20250204_095059.html",
        "hashed_secret": "3b8402e50f1926634b594075c4508c04b766431c",
        "is_verified": false,
        "line_number": 24
      },
      {
        "type": "Base64 High Entropy String",
        "filename": "src/data/rbi/backtests/charts/RSIDivergence_chart_20250204_095059.html",
        "hashed_secret": "7f810687c8a2026623e764c27ce2e360b5b3e81f",
        "is_verified": false,
        "line_number": 24
      },
      {
        "type": "Base64 High Entropy String",
        "filename": "src/data/rbi/backtests/charts/RSIDivergence_chart_20250204_095059.html",
        "hashed_secret": "8da28f6e695644a42b634032cb44d106a5f08242",
        "is_verified": false,
        "line_number": 24
      },
      {
        "type": "Base64 High Entropy String",
        "filename": "src/data/rbi/backtests/charts/RSIDivergence_chart_20250204_095059.html",
        "hashed_secret": "94133b5c30dbbd80aa566b56399e9aa323dcee24",
        "is_verified": false,
        "line_number": 24
      },
      {
        "type": "Base64 High Entropy String",
        "filename": "src/data/rbi/backtests/charts/RSIDivergence_chart_20250204_095059.html",
        "hashed_secret": "96fc9076f8ee59cee0a907f3cc00f13e29ca39a9",
        "is_verified": false,
        "line_number": 24
      },
      {
        "type": "Base64 High Entropy String",
        "filename": "src/data/rbi/backtests/charts/RSIDivergence_chart_20250204_095059.html",
        "hashed_secret": "98a3d8bfc256d32c075921717545d1b9c98c550c",
        "is_verified": false,
        "line_number": 24
      },
      {
        "type": "Base64 High Entropy String",
        "filename": "src/data/rbi/backtests/charts/RSIDivergence_chart_20250204_095059.html",
        "hashed_secret": "9d232a9d6dd58d4a8ae4e334182004c7d5404d36",
        "is_verified": false,
        "line_number": 24
      },
      {
        "type": "Base64 High Entropy String",
        "filename": "src/data/rbi/backtests/charts/RSIDivergence_chart_20250204_095059.html",
        "hashed_secret": "a5aa176ebacb975b13890dfe0c2ba0c7c2b808f4",
        "is_verified": false,
        "line_number": 24
      },
      {
        "type": "Base64 High Entropy String",
        "filename": "src/data/rbi/backtests/charts/RSIDivergence_chart_20250204_095059.html",
        "hashed_secret": "a6a6d31c2da30d2f883d36bf6b284d9dda915f64",
        "is_verified": false,
        "line_number": 24
      },
      {
        "type": "Base64 High Entropy String",
        "filename": "src/data/rbi/backtests/charts/RSIDivergence_chart_20250204_095059.html",
        "hashed_secret": "a779dc87d48a8bcb4fc54b397761fc830aaeeec0",
        "is_verified": false,
        "line_number": 24
      },
      {
        "type": "AWS Access Key",
        "filename": "src/data/rbi/backtests/charts/RSIDivergence_chart_20250204_095059.html",
        "hashed_secret": "b2c6c08ec9b995b256bf25e35fb8ab2faffa5089",
        "is_verified": false,
        "line_number": 24
      },
      {
        "type": "Base64 High Entropy String",
        "filename": "src/data/rbi/backtests/charts/RSIDivergence_chart_20250204_095059.html",
        "hashed_secret": "b406ec2224c90398343c0f9aa92522cdfb8cf7fb",
        "is_verified": false,
        "line_number": 24
      },
      {
        "type": "Base64 High Entropy String",
        "filename": "src/data/rbi/backtests/charts/RSIDivergence_chart_20250204_095059.html",
        "hashed_secret": "b77beb256badb645293a0231500739a605d09146",
        "is_verified": false,
        "line_number": 24
      },
      {
        "type": "Base64 High Entropy String",
        "filename": "src/data/rbi/backtests/charts/RSIDivergence_chart_20250204_095059.html",
        "hashed_secret": "f4e7631f3b95b2beff2419e1346535694938f0dc",
        "is_verified": false,
        "line_number": 24
      }
    ],
    "src/data/rbi/charts/AccumulationManipulation_chart.html": [
      {
        "type": "Base64 High Entropy String",
        "filename": "src/data/rbi/charts/AccumulationManipulation_chart.html",
        "hashed_secret": "07c68fa1683dcfa75139bbdaba5113cefa8aeba3",
        "is_verified": false,
        "line_number": 24
      },
      {
        "type": "Base64 High Entropy String",
        "filename": "src/data/rbi/charts/AccumulationManipulation_chart.html",
        "hashed_secret": "2590965e9d9ac3e0187e25d20d2f894a8e3c744f",
        "is_verified": false,
        "line_number": 24
      },
      {
        "type": "Base64 High Entropy String",
        "filename": "src/data/rbi/charts/AccumulationManipulation_chart.html",
        "hashed_secret": "398a231f4c95c4701e4df081687c2d6f5466f4c8",
        "is_verified": false,
        "line_number": 24
      },
      {
        "type": "Base64 High Entropy String",
        "filename": "src/data/rbi/charts/AccumulationManipulation_chart.html",
        "hashed_secret": "58eb42c40a5f0a2ca30d7de243e95ed67306323d",
        "is_verified": false,
        "line_number": 24
      },
      {
        "type": "Base64 High Entropy String",
        "filename": "src/data/rbi/charts/AccumulationManipulation_chart.html",
        "hashed_secret": "790a872c58586bd209c8bd2b6a29ecfedd7bfec1",
        "is_verified": false,
        "line_number": 24
      },
      {
        "type": "Base64 High Entropy String",
        "filename": "src/data/rbi/charts/AccumulationManipulation_chart.html",
        "hashed_secret": "82aae0984fce9fb2f00dd8fc0fc50e57ffd271c2",
        "is_verified": false,
        "line_number": 24
      },
      {
        "type": "Base64 High Entropy String",
        "filename": "src/data/rbi/charts/AccumulationManipulation_chart.html",
        "hashed_secret": "860f0074a41dd2d5217afd0caad8a16eec39bb92",
        "is_verified": false,
        "line_number": 24
      },
      {
        "type": "Base64 High Entropy String",
        "filename": "src/data/rbi/charts/AccumulationManipulation_chart.html",
        "hashed_secret": "8da28f6e695644a42b634032cb44d106a5f08242",
        "is_verified": false,
        "line_number": 24
      },
      {
        "type": "Base64 High Entropy String",
        "filename": "src/data/rbi/charts/AccumulationManipulation_chart.html",
        "hashed_secret": "94133b5c30dbbd80aa566b56399e9aa323dcee24",
        "is_verified": false,
        "line_number": 24
      },
      {
        "type": "Base64 High Entropy String",
        "filename": "src/data/rbi/charts/AccumulationManipulation_chart.html",
        "hashed_secret": "a5aa176ebacb975b13890dfe0c2ba0c7c2b808f4",
        "is_verified": false,
        "line_number": 24
      },
      {
        "type": "Base64 High Entropy String",
        "filename": "src/data/rbi/charts/AccumulationManipulation_chart.html",
        "hashed_secret": "a6a6d31c2da30d2f883d36bf6b284d9dda915f64",
        "is_verified": false,
        "line_number": 24
      },
      {
        "type": "Base64 High Entropy String",
        "filename": "src/data/rbi/charts/AccumulationManipulation_chart.html",
        "hashed_secret": "a779dc87d48a8bcb4fc54b397761fc830aaeeec0",
        "is_verified": false,
        "line_number": 24
      },
      {
        "type": "AWS Access Key",
        "filename": "src/data/rbi/charts/AccumulationManipulation_chart.html",
        "hashed_secret": "b2c6c08ec9b995b256bf25e35fb8ab2faffa5089",
        "is_verified": false,
        "line_number": 24
      },
      {
        "type": "Base64 High Entropy String",
        "filename": "src/data/rbi/charts/AccumulationManipulation_chart.html",
        "hashed_secret": "b406ec2224c90398343c0f9aa92522cdfb8cf7fb",
        "is_verified": false,
        "line_number": 24
      },
      {
        "type": "Base64 High Entropy String",
        "filename": "src/data/rbi/charts/AccumulationManipulation_chart.html",
        "hashed_secret": "b77beb256badb645293a0231500739a605d09146",
        "is_verified": false,
        "line_number": 24
      },
      {
        "type": "Base64 High Entropy String",
        "filename": "src/data/rbi/charts/AccumulationManipulation_chart.html",
        "hashed_secret": "d90bdf315d0d17dc058851f6e34eb7408abe0752",
        "is_verified": false,
        "line_number": 24
      },
      {
        "type": "Base64 High Entropy String",
        "filename": "src/data/rbi/charts/AccumulationManipulation_chart.html",
        "hashed_secret": "e46e7c15388b5b0c244eeabda86d975029be673d",
        "is_verified": false,
        "line_number": 24
      },
      {
        "type": "Base64 High Entropy String",
        "filename": "src/data/rbi/charts/AccumulationManipulation_chart.html",
        "hashed_secret": "f4e7631f3b95b2beff2419e1346535694938f0dc",
        "is_verified": false,
        "line_number": 24
      }
    ],
    "src/data/rbi/charts/DynamicValidation_chart.html": [
      {
        "type": "Base64 High Entropy String",
        "filename": "src/data/rbi/charts/DynamicValidation_chart.html",
        "hashed_secret": "07c68fa1683dcfa75139bbdaba5113cefa8aeba3",
        "is_verified": false,
        "line_number": 24
      },
      {
        "type": "Base64 High Entropy String",
        "filename": "src/data/rbi/charts/DynamicValidation_chart.html",
        "hashed_secret": "09492fd5eb2746dcca5a43c77cb192e800feeb3c",
        "is_verified": false,
        "line_number": 24
      },
      {
        "type": "Base64 High Entropy String",
        "filename": "src/data/rbi/charts/DynamicValidation_chart.html",
        "hashed_secret": "2590965e9d9ac3e0187e25d20d2f894a8e3c744f",
        "is_verified": false,
        "line_number": 24
      },
      {
        "type": "Base64 High Entropy String",
        "filename": "src/data/rbi/charts/DynamicValidation_chart.html",
        "hashed_secret": "398a231f4c95c4701e4df081687c2d6f5466f4c8",
        "is_verified": false,
        "line_number": 24
      },
      {
        "type": "Base64 High Entropy String",
        "filename": "src/data/rbi/charts/DynamicValidation_chart.html",
        "hashed_secret": "8da28f6e695644a42b634032cb44d106a5f08242",
        "is_verified": false,
        "line_number": 24
      },
      {
        "type": "Base64 High Entropy String",
        "filename": "src/data/rbi/charts/DynamicValidation_chart.html",
        "hashed_secret": "94133b5c30dbbd80aa566b56399e9aa323dcee24",
        "is_verified": false,
        "line_number": 24
      },
      {
        "type": "Base64 High Entropy String",
        "filename": "src/data/rbi/charts/DynamicValidation_chart.html",
        "hashed_secret": "a5aa176ebacb975b13890dfe0c2ba0c7c2b808f4",
        "is_verified": false,
        "line_number": 24
      },
      {
        "type": "Base64 High Entropy String",
        "filename": "src/data/rbi/charts/DynamicValidation_chart.html",
        "hashed_secret": "a6a6d31c2da30d2f883d36bf6b284d9dda915f64",
        "is_verified": false,
        "line_number": 24
      },
      {
        "type": "Base64 High Entropy String",
        "filename": "src/data/rbi/charts/DynamicValidation_chart.html",
        "hashed_secret": "a779dc87d48a8bcb4fc54b397761fc830aaeeec0",
        "is_verified": false,
        "line_number": 24
      },
      {
        "type": "Base64 High Entropy String",
        "filename": "src/data/rbi/charts/DynamicValidation_chart.html",
        "hashed_secret": "b406ec2224c90398343c0f9aa92522cdfb8cf7fb",
        "is_verified": false,
        "line_number": 24
      },
      {
        "type": "Base64 High Entropy String",
        "filename": "src/data/rbi/charts/DynamicValidation_chart.html",
        "hashed_secret": "b77beb256badb645293a0231500739a605d09146",
        "is_verified": false,
        "line_number": 24
      },
      {
        "type": "Base64 High Entropy String",
        "filename": "src/data/rbi/charts/DynamicValidation_chart.html",
        "hashed_secret": "c846902e0eb827efa2a83605e6da86c9e99f784f",
        "is_verified": false,
        "line_number": 24
      },
      {
        "type": "Base64 High Entropy String",
        "filename": "src/data/rbi/charts/DynamicValidation_chart.html",
        "hashed_secret": "c942a414ec9fb4635af216620b3fa665bdfcdef8",
        "is_verified": false,
        "line_number": 24
      },
      {
        "type": "Base64 High Entropy String",
        "filename": "src/data/rbi/charts/DynamicValidation_chart.html",
        "hashed_secret": "da9b06d1a449b56692149605032c1f209a1c2c9f",
        "is_verified": false,
        "line_number": 24
      },
      {
        "type": "Base64 High Entropy String",
        "filename": "src/data/rbi/charts/DynamicValidation_chart.html",
        "hashed_secret": "dce39d4558e324e7fe9806ddd676eaafe524ede0",
        "is_verified": false,
        "line_number": 24
      },
      {
        "type": "Base64 High Entropy String",
        "filename": "src/data/rbi/charts/DynamicValidation_chart.html",
        "hashed_secret": "f4e7631f3b95b2beff2419e1346535694938f0dc",
        "is_verified": false,
        "line_number": 24
      }
    ],
    "src/data/rbi/charts/DynamicValidation_final_chart.html": [
      {
        "type": "Base64 High Entropy String",
        "filename": "src/data/rbi/charts/DynamicValidation_final_chart.html",
        "hashed_secret": "07c68fa1683dcfa75139bbdaba5113cefa8aeba3",
        "is_verified": false,
        "line_number": 24
      },
      {
        "type": "Base64 High Entropy String",
        "filename": "src/data/rbi/charts/DynamicValidation_final_chart.html",
        "hashed_secret": "09492fd5eb2746dcca5a43c77cb192e800feeb3c",
        "is_verified": false,
        "line_number": 24
      },
      {
        "type": "Base64 High Entropy String",
        "filename": "src/data/rbi/charts/DynamicValidation_final_chart.html",
        "hashed_secret": "2590965e9d9ac3e0187e25d20d2f894a8e3c744f",
        "is_verified": false,
        "line_number": 24
      },
      {
        "type": "Base64 High Entropy String",
        "filename": "src/data/rbi/charts/DynamicValidation_final_chart.html",
        "hashed_secret": "398a231f4c95c4701e4df081687c2d6f5466f4c8",
        "is_verified": false,
        "line_number": 24
      },
      {
        "type": "Base64 High Entropy String",
        "filename": "src/data/rbi/charts/DynamicValidation_final_chart.html",
        "hashed_secret": "65ce5ad5afdbd2c8c4f9af184865a4e95c87241e",
        "is_verified": false,
        "line_number": 24
      },
      {
        "type": "Base64 High Entropy String",
        "filename": "src/data/rbi/charts/DynamicValidation_final_chart.html",
        "hashed_secret": "8da28f6e695644a42b634032cb44d106a5f08242",
        "is_verified": false,
        "line_number": 24
      },
      {
        "type": "Base64 High Entropy String",
        "filename": "src/data/rbi/charts/DynamicValidation_final_chart.html",
        "hashed_secret": "8e79f84c529fb424234ed60ed95af92d8e337ceb",
        "is_verified": false,
        "line_number": 24
      },
      {
        "type": "Base64 High Entropy String",
        "filename": "src/data/rbi/charts/DynamicValidation_final_chart.html",
        "hashed_secret": "94133b5c30dbbd80aa566b56399e9aa323dcee24",
        "is_verified": false,
        "line_number": 24
      },
      {
        "type": "Base64 High Entropy String",
        "filename": "src/data/rbi/charts/DynamicValidation_final_chart.html",
        "hashed_secret": "a5aa176ebacb975b13890dfe0c2ba0c7c2b808f4",
        "is_verified": false,
        "line_number": 24
      },
      {
        "type": "Base64 High Entropy String",
        "filename": "src/data/rbi/charts/DynamicValidation_final_chart.html",
        "hashed_secret": "a6a6d31c2da30d2f883d36bf6b284d9dda915f64",
        "is_verified": false,
        "line_number": 24
      },
      {
        "type": "Base64 High Entropy String",
        "filename": "src/data/rbi/charts/DynamicValidation_final_chart.html",
        "hashed_secret": "a779dc87d48a8bcb4fc54b397761fc830aaeeec0",
        "is_verified": false,
        "line_number": 24
      },
      {
        "type": "Base64 High Entropy String",
        "filename": "src/data/rbi/charts/DynamicValidation_final_chart.html",
        "hashed_secret": "aae147a486cea27578939a77b70851a09485ffd2",
        "is_verified": false,
        "line_number": 24
      },
      {
        "type": "Base64 High Entropy String",
        "filename": "src/data/rbi/charts/DynamicValidation_final_chart.html",
        "hashed_secret": "b406ec2224c90398343c0f9aa92522cdfb8cf7fb",
        "is_verified": false,
        "line_number": 24
      },
      {
        "type": "Base64 High Entropy String",
        "filename": "src/data/rbi/charts/DynamicValidation_final_chart.html",
        "hashed_secret": "b77beb256badb645293a0231500739a605d09146",
        "is_verified": false,
        "line_number": 24
      },
      {
        "type": "Base64 High Entropy String",
        "filename": "src/data/rbi/charts/DynamicValidation_final_chart.html",
        "hashed_secret": "cc9abd8055cdafc6cfdb021313e616063beb79ec",
        "is_verified": false,
        "line_number": 24
      },
      {
        "type": "Base64 High Entropy String",
        "filename": "src/data/rbi/charts/DynamicValidation_final_chart.html",
        "hashed_secret": "f4e7631f3b95b2beff2419e1346535694938f0dc",
        "is_verified": false,
        "line_number": 24
      }
    ],
    "src/data/rbi/charts/Dynamic_Retest_chart.html": [
      {
        "type": "Base64 High Entropy String",
        "filename": "src/data/rbi/charts/Dynamic_Retest_chart.html",
        "hashed_secret": "07c68fa1683dcfa75139bbdaba5113cefa8aeba3",
        "is_verified": false,
        "line_number": 24
      },
      {
        "type": "Base64 High Entropy String",
        "filename": "src/data/rbi/charts/Dynamic_Retest_chart.html",
        "hashed_secret": "1dbfd42f18cf6c08f1ed4fe8f0cd7a98a50beca9",
        "is_verified": false,
        "line_number": 24
      },
      {
        "type": "Base64 High Entropy String",
        "filename": "src/data/rbi/charts/Dynamic_Retest_chart.html",
        "hashed_secret": "2427e34633bb70cd3036fc2ff445dd4858a5e84b",
        "is_verified": false,
        "line_number": 24
      },
      {
        "type": "Base64 High Entropy String",
        "filename": "src/data/rbi/charts/Dynamic_Retest_chart.html",
        "hashed_secret": "2590965e9d9ac3e0187e25d20d2f894a8e3c744f",
        "is_verified": false,
        "line_number": 24
      },
      {
        "type": "Base64 High Entropy String",
        "filename": "src/data/rbi/charts/Dynamic_Retest_chart.html",
        "hashed_secret": "398a231f4c95c4701e4df081687c2d6f5466f4c8",
        "is_verified": false,
        "line_number": 24
      },
      {
        "type": "Base64 High Entropy String",
        "filename": "src/data/rbi/charts/Dynamic_Retest_chart.html",
        "hashed_secret": "541349c0972bc99fd5de2bc9ba0654fcb8e0ed4a",
        "is_verified": false,
        "line_number": 24
      },
      {
        "type": "Base64 High Entropy String",
        "filename": "src/data/rbi/charts/Dynamic_Retest_chart.html",
        "hashed_secret": "74c314cdfd662caa4637718bf934416fe75feec0",
        "is_verified": false,
        "line_number": 24
      },
      {
        "type": "Base64 High Entropy String",
        "filename": "src/data/rbi/charts/Dynamic_Retest_chart.html",
        "hashed_secret": "88416c472889e6cac09567d61908811c9c6ad010",
        "is_verified": false,
        "line_number": 24
      },
      {
        "type": "Base64 High Entropy String",
        "filename": "src/data/rbi/charts/Dynamic_Retest_chart.html",
        "hashed_secret": "8da28f6e695644a42b634032cb44d106a5f08242",
        "is_verified": false,
        "line_number": 24
      },
      {
        "type": "Base64 High Entropy String",
        "filename": "src/data/rbi/charts/Dynamic_Retest_chart.html",
        "hashed_secret": "922162c2e53a6d8c366644a146cae042c5ce73ab",
        "is_verified": false,
        "line_number": 24
      },
      {
        "type": "Base64 High Entropy String",
        "filename": "src/data/rbi/charts/Dynamic_Retest_chart.html",
        "hashed_secret": "94133b5c30dbbd80aa566b56399e9aa323dcee24",
        "is_verified": false,
        "line_number": 24
      },
      {
        "type": "Base64 High Entropy String",
        "filename": "src/data/rbi/charts/Dynamic_Retest_chart.html",
        "hashed_secret": "a5aa176ebacb975b13890dfe0c2ba0c7c2b808f4",
        "is_verified": false,
        "line_number": 24
      },
      {
        "type": "Base64 High Entropy String",
        "filename": "src/data/rbi/charts/Dynamic_Retest_chart.html",
        "hashed_secret": "a6a6d31c2da30d2f883d36bf6b284d9dda915f64",
        "is_verified": false,
        "line_number": 24
      },
      {
        "type": "Base64 High Entropy String",
        "filename": "src/data/rbi/charts/Dynamic_Retest_chart.html",
        "hashed_secret": "a779dc87d48a8bcb4fc54b397761fc830aaeeec0",
        "is_verified": false,
        "line_number": 24
      },
      {
        "type": "AWS Access Key",
        "filename": "src/data/rbi/charts/Dynamic_Retest_chart.html",
        "hashed_secret": "b2c6c08ec9b995b256bf25e35fb8ab2faffa5089",
        "is_verified": false,
        "line_number": 24
      },
      {
        "type": "Base64 High Entropy String",
        "filename": "src/data/rbi/charts/Dynamic_Retest_chart.html",
        "hashed_secret": "b406ec2224c90398343c0f9aa92522cdfb8cf7fb",
        "is_verified": false,
        "line_number": 24
      },
      {
        "type": "Base64 High Entropy String",
        "filename": "src/data/rbi/charts/Dynamic_Retest_chart.html",
        "hashed_secret": "b77beb256badb645293a0231500739a605d09146",
        "is_verified": false,
        "line_number": 24
      },
      {
        "type": "Base64 High Entropy String",
        "filename": "src/data/rbi/charts/Dynamic_Retest_chart.html",
        "hashed_secret": "befe3966aff390d952f7909d6883d841ab5228f3",
        "is_verified": false,
        "line_number": 24
      },
      {
        "type": "Base64 High Entropy String",
        "filename": "src/data/rbi/charts/Dynamic_Retest_chart.html",
        "hashed_secret": "d801ca89e971003aec93444f566d1b16556ae485",
        "is_verified": false,
        "line_number": 24
      },
      {
        "type": "Base64 High Entropy String",
        "filename": "src/data/rbi/charts/Dynamic_Retest_chart.html",
        "hashed_secret": "d858b5e4cd19d9adf00c0eb4159234e0e54dc753",
        "is_verified": false,
        "line_number": 24
      },
      {
        "type": "Base64 High Entropy String",
        "filename": "src/data/rbi/charts/Dynamic_Retest_chart.html",
        "hashed_secret": "e485e86515232a3c8c72b51e3c3e5d3435569e33",
        "is_verified": false,
        "line_number": 24
      },
      {
        "type": "Base64 High Entropy String",
        "filename": "src/data/rbi/charts/Dynamic_Retest_chart.html",
        "hashed_secret": "eaeec6d1d8f3ce128d7f1fc03db45d14e3ebc022",
        "is_verified": false,
        "line_number": 24
      },
      {
        "type": "Base64 High Entropy String",
        "filename": "src/data/rbi/charts/Dynamic_Retest_chart.html",
        "hashed_secret": "f4e7631f3b95b2beff2419e1346535694938f0dc",
        "is_verified": false,
        "line_number": 24
      }
    ],
    "src/data/rbi/charts/Dynamic_Retest_optimized_chart.html": [
      {
        "type": "Base64 High Entropy String",
        "filename": "src/data/rbi/charts/Dynamic_Retest_optimized_chart.html",
        "hashed_secret": "07c68fa1683dcfa75139bbdaba5113cefa8aeba3",
        "is_verified": false,
        "line_number": 24
      },
      {
        "type": "Base64 High Entropy String",
        "filename": "src/data/rbi/charts/Dynamic_Retest_optimized_chart.html",
        "hashed_secret": "1305a680e28303d25269e2b2746917817e545948",
        "is_verified": false,
        "line_number": 24
      },
      {
        "type": "Base64 High Entropy String",
        "filename": "src/data/rbi/charts/Dynamic_Retest_optimized_chart.html",
        "hashed_secret": "15c199ea5bfa97f6f8a232786bd74f159caa91f5",
        "is_verified": false,
        "line_number": 24
      },
      {
        "type": "Base64 High Entropy String",
        "filename": "src/data/rbi/charts/Dynamic_Retest_optimized_chart.html",
        "hashed_secret": "2590965e9d9ac3e0187e25d20d2f894a8e3c744f",
        "is_verified": false,
        "line_number": 24
      },
      {
        "type": "Base64 High Entropy String",
        "filename": "src/data/rbi/charts/Dynamic_Retest_optimized_chart.html",
        "hashed_secret": "398a231f4c95c4701e4df081687c2d6f5466f4c8",
        "is_verified": false,
        "line_number": 24
      },
      {
        "type": "Base64 High Entropy String",
        "filename": "src/data/rbi/charts/Dynamic_Retest_optimized_chart.html",
        "hashed_secret": "8da28f6e695644a42b634032cb44d106a5f08242",
        "is_verified": false,
        "line_number": 24
      },
      {
        "type": "Base64 High Entropy String",
        "filename": "src/data/rbi/charts/Dynamic_Retest_optimized_chart.html",
        "hashed_secret": "94133b5c30dbbd80aa566b56399e9aa323dcee24",
        "is_verified": false,
        "line_number": 24
      },
      {
        "type": "Base64 High Entropy String",
        "filename": "src/data/rbi/charts/Dynamic_Retest_optimized_chart.html",
        "hashed_secret": "a5aa176ebacb975b13890dfe0c2ba0c7c2b808f4",
        "is_verified": false,
        "line_number": 24
      },
      {
        "type": "Base64 High Entropy String",
        "filename": "src/data/rbi/charts/Dynamic_Retest_optimized_chart.html",
        "hashed_secret": "a6a6d31c2da30d2f883d36bf6b284d9dda915f64",
        "is_verified": false,
        "line_number": 24
      },
      {
        "type": "Base64 High Entropy String",
        "filename": "src/data/rbi/charts/Dynamic_Retest_optimized_chart.html",
        "hashed_secret": "a779dc87d48a8bcb4fc54b397761fc830aaeeec0",
        "is_verified": false,
        "line_number": 24
      },
      {
        "type": "AWS Access Key",
        "filename": "src/data/rbi/charts/Dynamic_Retest_optimized_chart.html",
        "hashed_secret": "b2c6c08ec9b995b256bf25e35fb8ab2faffa5089",
        "is_verified": false,
        "line_number": 24
      },
      {
        "type": "Base64 High Entropy String",
        "filename": "src/data/rbi/charts/Dynamic_Retest_optimized_chart.html",
        "hashed_secret": "b345e0be598754b0f3afd5bc725ba3f9b1bc5b21",
        "is_verified": false,
        "line_number": 24
      },
      {
        "type": "Base64 High Entropy String",
        "filename": "src/data/rbi/charts/Dynamic_Retest_optimized_chart.html",
        "hashed_secret": "b406ec2224c90398343c0f9aa92522cdfb8cf7fb",
        "is_verified": false,
        "line_number": 24
      },
      {
        "type": "Base64 High Entropy String",
        "filename": "src/data/rbi/charts/Dynamic_Retest_optimized_chart.html",
        "hashed_secret": "b77beb256badb645293a0231500739a605d09146",
        "is_verified": false,
        "line_number": 24
      },
      {
        "type": "Base64 High Entropy String",
        "filename": "src/data/rbi/charts/Dynamic_Retest_optimized_chart.html",
        "hashed_secret": "d801ca89e971003aec93444f566d1b16556ae485",
        "is_verified": false,
        "line_number": 24
      },
      {
        "type": "Base64 High Entropy String",
        "filename": "src/data/rbi/charts/Dynamic_Retest_optimized_chart.html",
        "hashed_secret": "d9d814580eb8c65efdeb212178c64aa2f881f946",
        "is_verified": false,
        "line_number": 24
      },
      {
        "type": "Base64 High Entropy String",
        "filename": "src/data/rbi/charts/Dynamic_Retest_optimized_chart.html",
        "hashed_secret": "f4e7631f3b95b2beff2419e1346535694938f0dc",
        "is_verified": false,
        "line_number": 24
      }
    ],
    "src/data/rbi/charts/HierarchicalBreakout_chart.html": [
      {
        "type": "Base64 High Entropy String",
        "filename": "src/data/rbi/charts/HierarchicalBreakout_chart.html",
        "hashed_secret": "07c68fa1683dcfa75139bbdaba5113cefa8aeba3",
        "is_verified": false,
        "line_number": 24
      },
      {
        "type": "Base64 High Entropy String",
        "filename": "src/data/rbi/charts/HierarchicalBreakout_chart.html",
        "hashed_secret": "1770f8f7278d15531501fa4f6278f49376b5c61f",
        "is_verified": false,
        "line_number": 24
      },
      {
        "type": "Base64 High Entropy String",
        "filename": "src/data/rbi/charts/HierarchicalBreakout_chart.html",
        "hashed_secret": "2590965e9d9ac3e0187e25d20d2f894a8e3c744f",
        "is_verified": false,
        "line_number": 24
      },
      {
        "type": "Base64 High Entropy String",
        "filename": "src/data/rbi/charts/HierarchicalBreakout_chart.html",
        "hashed_secret": "398a231f4c95c4701e4df081687c2d6f5466f4c8",
        "is_verified": false,
        "line_number": 24
      },
      {
        "type": "Base64 High Entropy String",
        "filename": "src/data/rbi/charts/HierarchicalBreakout_chart.html",
        "hashed_secret": "6563c74cd43ef513ead649304f01de06d39d0065",
        "is_verified": false,
        "line_number": 24
      },
      {
        "type": "Base64 High Entropy String",
        "filename": "src/data/rbi/charts/HierarchicalBreakout_chart.html",
        "hashed_secret": "8da28f6e695644a42b634032cb44d106a5f08242",
        "is_verified": false,
        "line_number": 24
      },
      {
        "type": "Base64 High Entropy String",
        "filename": "src/data/rbi/charts/HierarchicalBreakout_chart.html",
        "hashed_secret": "94133b5c30dbbd80aa566b56399e9aa323dcee24",
        "is_verified": false,
        "line_number": 24
      },
      {
        "type": "Base64 High Entropy String",
        "filename": "src/data/rbi/charts/HierarchicalBreakout_chart.html",
        "hashed_secret": "9a12a7f669b6eff0419aa6d65f621354d5f23cf7",
        "is_verified": false,
        "line_number": 24
      },
      {
        "type": "Base64 High Entropy String",
        "filename": "src/data/rbi/charts/HierarchicalBreakout_chart.html",
        "hashed_secret": "a5aa176ebacb975b13890dfe0c2ba0c7c2b808f4",
        "is_verified": false,
        "line_number": 24
      },
      {
        "type": "Base64 High Entropy String",
        "filename": "src/data/rbi/charts/HierarchicalBreakout_chart.html",
        "hashed_secret": "a6a6d31c2da30d2f883d36bf6b284d9dda915f64",
        "is_verified": false,
        "line_number": 24
      },
      {
        "type": "Base64 High Entropy String",
        "filename": "src/data/rbi/charts/HierarchicalBreakout_chart.html",
        "hashed_secret": "a779dc87d48a8bcb4fc54b397761fc830aaeeec0",
        "is_verified": false,
        "line_number": 24
      },
      {
        "type": "Base64 High Entropy String",
        "filename": "src/data/rbi/charts/HierarchicalBreakout_chart.html",
        "hashed_secret": "aecadc77abd9bdac226dfbd77893c9fd4a8dce99",
        "is_verified": false,
        "line_number": 24
      },
      {
        "type": "Base64 High Entropy String",
        "filename": "src/data/rbi/charts/HierarchicalBreakout_chart.html",
        "hashed_secret": "b406ec2224c90398343c0f9aa92522cdfb8cf7fb",
        "is_verified": false,
        "line_number": 24
      },
      {
        "type": "Base64 High Entropy String",
        "filename": "src/data/rbi/charts/HierarchicalBreakout_chart.html",
        "hashed_secret": "b77beb256badb645293a0231500739a605d09146",
        "is_verified": false,
        "line_number": 24
      },
      {
        "type": "Base64 High Entropy String",
        "filename": "src/data/rbi/charts/HierarchicalBreakout_chart.html",
        "hashed_secret": "d2e2a088cef93ddfef672ec257194b6aaf9ab928",
        "is_verified": false,
        "line_number": 24
      },
      {
        "type": "Base64 High Entropy String",
        "filename": "src/data/rbi/charts/HierarchicalBreakout_chart.html",
        "hashed_secret": "e9788edb1b67cde7cb29d75b402874d635b8c0ba",
        "is_verified": false,
        "line_number": 24
      },
      {
        "type": "Base64 High Entropy String",
        "filename": "src/data/rbi/charts/HierarchicalBreakout_chart.html",
        "hashed_secret": "edd2351b7860fb7855a3389b929ea952ce617354",
        "is_verified": false,
        "line_number": 24
      },
      {
        "type": "Base64 High Entropy String",
        "filename": "src/data/rbi/charts/HierarchicalBreakout_chart.html",
        "hashed_secret": "f4e7631f3b95b2beff2419e1346535694938f0dc",
        "is_verified": false,
        "line_number": 24
      },
      {
        "type": "Base64 High Entropy String",
        "filename": "src/data/rbi/charts/HierarchicalBreakout_chart.html",
        "hashed_secret": "fed9f5f22ed0cc525db050d07546412dd28c9b63",
        "is_verified": false,
        "line_number": 24
      }
    ],
    "src/models/ollama_model.py": [
      {
        "type": "Secret Keyword",
        "filename": "src/models/ollama_model.py",
        "hashed_secret": "65218371d3c0dba6c95c088011d9afd079b45cac",
        "is_verified": false,
        "line_number": 34
      }
    ],
    "src/nice_funcs.py": [
      {
        "type": "Base64 High Entropy String",
        "filename": "src/nice_funcs.py",
        "hashed_secret": "cf82afc3ccc444e3c53a67ec3f7d5565f5a8c33f",
        "is_verified": false,
        "line_number": 33
      },
      {
        "type": "Base64 High Entropy String",
        "filename": "src/nice_funcs.py",
        "hashed_secret": "56e1a6bbe85753275c791a0a52f7bf745d95100d",
        "is_verified": false,
        "line_number": 158
      },
      {
        "type": "Base64 High Entropy String",
        "filename": "src/nice_funcs.py",
        "hashed_secret": "9cdc6e1e4751941395d9953c30400ba566a97919",
        "is_verified": false,
        "line_number": 159
      },
      {
        "type": "Base64 High Entropy String",
        "filename": "src/nice_funcs.py",
        "hashed_secret": "d3d4a8b7da706e7a2d99d327b8f7c635acc57dbd",
        "is_verified": false,
        "line_number": 211
      },
      {
        "type": "Base64 High Entropy String",
        "filename": "src/nice_funcs.py",
        "hashed_secret": "9ab63c245e4f4eab13f776549a1c06e66914b275",
        "is_verified": false,
        "line_number": 244
      }
    ],
    "src/scripts/deepseek_local_call.py": [
      {
        "type": "Secret Keyword",
        "filename": "src/scripts/deepseek_local_call.py",
        "hashed_secret": "b5c2827eb65bf13b87130e7e3c424ba9ff07cd67",
        "is_verified": false,
        "line_number": 23
      }
    ],
    "src/scripts/token_list_tool.py": [
      {
        "type": "Base64 High Entropy String",
        "filename": "src/scripts/token_list_tool.py",
        "hashed_secret": "e1b99cb667aedfbf19f50713f3271f1007cf4fb7",
        "is_verified": false,
        "line_number": 16
      },
      {
        "type": "Base64 High Entropy String",
        "filename": "src/scripts/token_list_tool.py",
        "hashed_secret": "2db5b3e914e61432025fb23623a47135ff85afd5",
        "is_verified": false,
        "line_number": 38
      }
    ],
    "src/strategies/custom/example_strategy.py": [
      {
        "type": "Base64 High Entropy String",
        "filename": "src/strategies/custom/example_strategy.py",
        "hashed_secret": "71da038620b7e76c9fdc440989b0562e456e838a",
        "is_verified": false,
        "line_number": 9
      }
    ],
    "src/utils/security.py": [
      {
        "type": "Base64 High Entropy String",
        "filename": "src/utils/security.py",
        "hashed_secret": "278ec3f7ed6ccc98cef0b67acf5bf45bf54c4864",
        "is_verified": false,
        "line_number": 165
      }
    ]
  },
  "generated_at": "2025-11-02T04:50:03Z"
}
